Crasm LYB 1.3:                                                   page  1

                         1  ;    Routines to allow direct USB-to-LCD-transfe
rs in an ST220x-device
                         2  ;    Copyright (C) 2008 Jeroen Domburg <jeroen@s
pritesmods.com>
                         3  ;
                         4  ;    This program is free software: you can redi
stribute it and/or modify
                         5  ;    it under the terms of the GNU General Publi
c License as published by
                         6  ;    the Free Software Foundation, either versio
n 3 of the License, or
                         7  ;    (at your option) any later version.
                         8  ;
                         9  ;    This program is distributed in the hope tha
t it will be useful,
                        10  ;    but WITHOUT ANY WARRANTY; without even the 
implied warranty of
                        11  ;    MERCHANTABILITY or FITNESS FOR A PARTICULAR
PURPOSE.  See the
                        12  ;    GNU General Public License for more details
.
                        13  ;
                        14  ;    You should have received a copy of the GNU 
General Public License
                        15  ;    along with this program.  If not, see <http
://www.gnu.org/licenses/>.
                        16  
                        17  
                        18      CPU 65c02
                        19      OUTPUT HEX
                        20      INCLUDE spec
  7B10                  21      * = EMPTY_AT+$4000
                        22  
                        23  ;The routine in the existing firmware is patched
to jump here if the
                        24  ;routine that discerns the address that's writte
n to fails.
                        25  ;This way, we can splice our own check inthere t
oo.
                        26  
                        27  ;Watch out & be carefull with bloating this: one
of the devices (the Coby)
                        28  ;only has 230 bytes free to cram this in!
                        29  
                        30  ;check magic write to address 4400
7B10 AD8903             31  start   lda CMP_VAR1
7B13 C922               32          cmp #$22
7B15 D009               33          bne nomagic
7B17 AD8A03             34          lda CMP_VAR2
7B1A C900               35          cmp #$00
7B1C D002               36          bne nomagic
7B1E 8007               37          bra gotcha
                        38  ;Nope? Do what the original routine did & bail o
ut.
7B20 A9FF               39  nomagic lda #$ff
7B22 A2FF               40          ldx #$ff
7B24 4CF66E             41          jmp PATCH_AT+$4004
                        42  
                        43  ;ack usb wossname
7B27 A904               44  gotcha  lda #$04
7B29 8573               45          sta $73
                        46  


Crasm LYB 1.3:                                                   page  2

                        47  ;Push registers 
7B2B A535               48          lda $35
7B2D 48                 49          pha
                        50  
                        51  ;select lcd
7B2E A903               52          lda #$3
7B30 8535               53          sta $35
                        54  
7B32 9C7B03             55          stz LEN0
                        56  ;wait for usb packet
7B35 A573               57  waitpacket lda $73
7B37 2904               58          and #$4
7B39 F0FA               59          beq waitpacket
                        60  
                        61  ;fetch command
7B3B AD0002             62          lda $200
7B3E C900               63          cmp #$0
7B40 F047               64          beq copy2fb
7B42 C901               65          cmp #$1
7B44 F01A               66          beq setaddr
7B46 C902               67          cmp #$2
7B48 F006               68          beq blon
7B4A C903               69          cmp #$3
7B4C F00A               70          beq bloff
7B4E 804F               71          bra packetend
                        72  
                        73  ;Command 2: turn backlight on
7B50 A503               74  blon    lda $03
>>>> 75 WARNING: External parenthesis ignored
7B52 29FB               75          and #($ff-$04)
7B54 8503               76          sta $03
7B56 8047               77          bra packetend
                        78  
                        79  ;Command 3: turn backlight off
7B58 A503               80  bloff   lda $03
7B5A 0904               81          ora #$04
7B5C 8503               82          sta $03
7B5E 803F               83          bra packetend
                        84  
                        85  
                        86  ;Command 1: set window to write data to
                        87  IF CTRTYPE=1 ;UC1697V
                         C  ;set visible window
                         C  ;Non-working as of yet :/
                         C  setaddr lda #$F6 ;endx
                         C          sta $8000
                         C          lda $202
                         C          sta $8000
                         C  
                         C          lda #$F7 ;endy
                         C          sta $8000
                         C          lda $204
                         C          sta $8000
                         C  
                         C          lda #$F4 ;startx
                         C          sta $8000
                         C          lda $201
                         C          sta $8000
                         C  
                         C          lda #$F5 ;starty
                         C          sta $8000
                         C          lda $203


Crasm LYB 1.3:                                                   page  3

                         C          sta $8000
                         C  
                         C  ;reset addr to (0,0)
                         C  ;       lda #$00
                         C  ;       sta $8000
                         C  ;       lda #$10
                         C  ;       sta $8000
                         C  ;       lda #$60
                         C  ;       sta $8000
                         C  ;       lda #$70
                         C  ;       sta $8000
                         C  
                         C          bra packetend
                       121  ENDC
                       122  IF CTRTYPE==0 ;PCF8833
                       123  ;set addr
7B60 A92A              124  setaddr lda #$2A
7B62 8D0080            125          sta $8000
7B65 AD0102            126          lda $201
7B68 8D00C0            127          sta $c000
7B6B AD0202            128          lda $202
7B6E 8D00C0            129          sta $c000
                       130  
7B71 A92B              131          lda #$2B
7B73 8D0080            132          sta $8000
7B76 AD0302            133          lda $203
7B79 8D00C0            134          sta $c000
7B7C AD0402            135          lda $204
7B7F 8D00C0            136          sta $c000
                       137  
7B82 A92C              138          lda #$2c
7B84 8D0080            139          sta $8000
                       140  
7B87 8016              141          bra packetend
                       142  ENDC
                       143  
                       144  
                       145  ;Command 0: dma data to lcd.
                       146          ;set dma regs
                       147          ;copy from ($202)
7B89 A902              148  copy2fb lda #$2
7B8B 8558              149          sta $58
7B8D 8559              150          sta $59
                       151          ;from bank (=0)
7B8F 645E              152          stz $5e
7B91 645F              153          stz $5f
                       154          ;to (0xc0xx)
7B93 A9C0              155          lda #$C0
7B95 855B              156          sta $5b
                       157  ;       stz $5a ;unnecessary
                       158          ;count
7B97 645D              159          stz $5D
7B99 AD0102            160          lda $201
                       161  ;       dea ;dma sends this +1 over; compensate
                       162          ;^^ stupid crasm doesn't recognize this 
:X
7B9C 3A                163          db $3a ;=hardcoded 'dea'
7B9D 855C              164          sta $5C
                       165  
                       166  
                       167  ;subtract 0x40 from 37A:37D.
                       168  ;Damn, this is way easier on an ARM :P


Crasm LYB 1.3:                                                   page  4

7B9F 38                169  packetend sec
7BA0 AD7B03            170          lda LEN0
7BA3 E940              171          sbc #$40
7BA5 8D7B03            172          sta LEN0
7BA8 AD7C03            173          lda LEN1
7BAB E900              174          sbc #$0
7BAD 8D7C03            175          sta LEN1
7BB0 AD7D03            176          lda LEN2
7BB3 E900              177          sbc #$0
7BB5 8D7D03            178          sta LEN2
                       179  ;never gonna do such large xfers anyway
                       180  ;       lda LEN3
                       181  ;       sbc #$0
                       182  ;       sta LEN3
                       183  
                       184  ;ack
7BB8 A904              185          lda #$04
7BBA 8573              186          sta $73
                       187  
                       188  ;check for done-ness
                       189  ;       lda LEN3
7BBC AD7D03            190          lda LEN2
7BBF 0D7C03            191          ora LEN1
7BC2 0D7B03            192          ora LEN0
7BC5 F003              193          beq nowaitpacket
7BC7 4C357B            194          jmp waitpacket
                       195  
                       196  ;restore registers
7BCA 68                197  nowaitpacket    pla
7BCB 8535              198          sta $35
                       199  
                       200  
                       201  ;send ack
7BCD A900              202          lda #$00
7BCF 20BA6D            203          jsr SEND_CSW+0x4000
                       204  
                       205  ;and return as a winner :)
7BD2 A9FF              206          lda #$ff
7BD4 A2FF              207          ldx #$ff
7BD6 4CF66E            208          jmp PATCH_AT+$4004
                       209  
                       210  
7BD9 4834434B          211          db "H","4","C","K"
7BDD 01                212          db 1 ;version of info block
7BDE 80                213          db CONF_XRES
7BDF 80                214          db CONF_YRES
7BE0 10                215          db CONF_BPP
7BE1 00                216          db CONF_PROTO
7BE2 00                217          db OFFX
7BE3 02                218          db OFFY
                       219  

ERRORS:       0
WARNINGS:     0

Successful assembly...
 Last address     7be3 (31715)
 Code length       1a8 (424)






Crasm LYB 1.3:                                                   page  5

^7B58   Abs BLOFF                                            
^7B50   Abs BLON                                             
 0389   Abs CMP_VAR1                                         
 038A   Abs CMP_VAR2                                         
 0010   Abs CONF_BPP                                         
 0000   Abs CONF_PROTO                                       
 0080   Abs CONF_XRES                                        
 0080   Abs CONF_YRES                                        
^7B89   Abs COPY2FB                                          
 0000   Abs CTRTYPE                                          
 3B10   Abs EMPTY_AT                                         
^7B27   Abs GOTCHA                                           
 037B   Abs LEN0                                             
 037C   Abs LEN1                                             
 037D   Abs LEN2                                             
?037E   Abs LEN3                                             
^7B20   Abs NOMAGIC                                          
^7BCA   Abs NOWAITPACKET                                     
 0000   Abs OFFX                                             
 0002   Abs OFFY                                             
^7B9F   Abs PACKETEND                                        
 2EF2   Abs PATCH_AT                                         
 2DBA   Abs SEND_CSW                                         
^7B60   Abs SETADDR                                          
?7B10   Abs START                                            
 7B35   Abs WAITPACKET                                       






































